======================================================================
BARRIDO SIN CAMPO EXTERNO (h=0)
======================================================================
L: [16, 24]
Fronteras: libre, periodica
T (13 valores): [0.1, 0.3, 0.5, 0.7, 0.8, 0.9, 1.0, 1.1, 1.2, 1.3, 1.5, 1.7, 2.0]
mcs_max: 50000
n_intentos: 40
tao: 15000 para T<=0.5, 5000 para el resto
Total: 160 cadenas x 13 temperaturas = 2080 puntos
Carpeta de resultados: ResultadosSinH/ (incluye video + CSV por cada una de las 160 cadenas)
======================================================================
5/160 cadenas completadas (65/2080 puntos T)
10/160 cadenas completadas (130/2080 puntos T)
15/160 cadenas completadas (195/2080 puntos T)
20/160 cadenas completadas (260/2080 puntos T)
25/160 cadenas completadas (325/2080 puntos T)
30/160 cadenas completadas (390/2080 puntos T)
35/160 cadenas completadas (455/2080 puntos T)
40/160 cadenas completadas (520/2080 puntos T)
45/160 cadenas completadas (585/2080 puntos T)
50/160 cadenas completadas (650/2080 puntos T)
55/160 cadenas completadas (715/2080 puntos T)
60/160 cadenas completadas (780/2080 puntos T)
65/160 cadenas completadas (845/2080 puntos T)
70/160 cadenas completadas (910/2080 puntos T)
75/160 cadenas completadas (975/2080 puntos T)
80/160 cadenas completadas (1040/2080 puntos T)
85/160 cadenas completadas (1105/2080 puntos T)
90/160 cadenas completadas (1170/2080 puntos T)
95/160 cadenas completadas (1235/2080 puntos T)
100/160 cadenas completadas (1300/2080 puntos T)
105/160 cadenas completadas (1365/2080 puntos T)
110/160 cadenas completadas (1430/2080 puntos T)
115/160 cadenas completadas (1495/2080 puntos T)
120/160 cadenas completadas (1560/2080 puntos T)
125/160 cadenas completadas (1625/2080 puntos T)
130/160 cadenas completadas (1690/2080 puntos T)
135/160 cadenas completadas (1755/2080 puntos T)
140/160 cadenas completadas (1820/2080 puntos T)
145/160 cadenas completadas (1885/2080 puntos T)
150/160 cadenas completadas (1950/2080 puntos T)
155/160 cadenas completadas (2015/2080 puntos T)
160/160 cadenas completadas (2080/2080 puntos T)
Cadenas terminadas, generando resumen y graficas finales...
/home/kevin/Fundamentos_Magnetismo/Tarea1/graficas.py:80: UserWarning: FigureCanvasAgg is non-interactive, and thus cannot be shown
  plt.show()
DONE
Filas: 2080  Columnas: 10
Tiempo total: 17.46 horas
