======================================================================
RESUME de main_con_h.py: solo faltantes de h=0.5
======================================================================
L: [24]
Frontera: periodica
h: [0.5]
T (18 valores): [0.1, 0.2, 0.3, 0.4, 0.5, 0.6, 0.7, 0.8, 0.9, 1.0, 1.1, 1.2, 1.3, 1.4, 1.5, 1.6, 1.7, 2.0]
mcs_max: 50000
Intentos a correr: 32 (Intento9..Intento40)
Total: 32 cadenas x 18 temperaturas = 576 puntos
Carpeta de resultados: ResultadosConH/ (no se toca Intento1..8, ya existentes)
======================================================================
/home/kevin/Fundamentos_Magnetismo/Tarea1/metricas.py:54: RuntimeWarning: invalid value encountered in scalar divide
  U = 1 - Ms4_termalizado_prom / (3 * Ms2_termalizado_prom**2) # calculo del cumulante de Binder de Ms
/home/kevin/Fundamentos_Magnetismo/Tarea1/metricas.py:54: RuntimeWarning: invalid value encountered in scalar divide
  U = 1 - Ms4_termalizado_prom / (3 * Ms2_termalizado_prom**2) # calculo del cumulante de Binder de Ms
/home/kevin/Fundamentos_Magnetismo/Tarea1/metricas.py:54: RuntimeWarning: invalid value encountered in scalar divide
  U = 1 - Ms4_termalizado_prom / (3 * Ms2_termalizado_prom**2) # calculo del cumulante de Binder de Ms
/home/kevin/Fundamentos_Magnetismo/Tarea1/metricas.py:54: RuntimeWarning: invalid value encountered in scalar divide
  U = 1 - Ms4_termalizado_prom / (3 * Ms2_termalizado_prom**2) # calculo del cumulante de Binder de Ms
/home/kevin/Fundamentos_Magnetismo/Tarea1/metricas.py:54: RuntimeWarning: invalid value encountered in scalar divide
  U = 1 - Ms4_termalizado_prom / (3 * Ms2_termalizado_prom**2) # calculo del cumulante de Binder de Ms
/home/kevin/Fundamentos_Magnetismo/Tarea1/metricas.py:54: RuntimeWarning: invalid value encountered in scalar divide
  U = 1 - Ms4_termalizado_prom / (3 * Ms2_termalizado_prom**2) # calculo del cumulante de Binder de Ms
/home/kevin/Fundamentos_Magnetismo/Tarea1/metricas.py:54: RuntimeWarning: invalid value encountered in scalar divide
  U = 1 - Ms4_termalizado_prom / (3 * Ms2_termalizado_prom**2) # calculo del cumulante de Binder de Ms
/home/kevin/Fundamentos_Magnetismo/Tarea1/metricas.py:54: RuntimeWarning: invalid value encountered in scalar divide
  U = 1 - Ms4_termalizado_prom / (3 * Ms2_termalizado_prom**2) # calculo del cumulante de Binder de Ms
/home/kevin/Fundamentos_Magnetismo/Tarea1/metricas.py:54: RuntimeWarning: invalid value encountered in scalar divide
  U = 1 - Ms4_termalizado_prom / (3 * Ms2_termalizado_prom**2) # calculo del cumulante de Binder de Ms
/home/kevin/Fundamentos_Magnetismo/Tarea1/metricas.py:54: RuntimeWarning: invalid value encountered in scalar divide
  U = 1 - Ms4_termalizado_prom / (3 * Ms2_termalizado_prom**2) # calculo del cumulante de Binder de Ms
/home/kevin/Fundamentos_Magnetismo/Tarea1/metricas.py:54: RuntimeWarning: invalid value encountered in scalar divide
  U = 1 - Ms4_termalizado_prom / (3 * Ms2_termalizado_prom**2) # calculo del cumulante de Binder de Ms
/home/kevin/Fundamentos_Magnetismo/Tarea1/metricas.py:54: RuntimeWarning: invalid value encountered in scalar divide
  U = 1 - Ms4_termalizado_prom / (3 * Ms2_termalizado_prom**2) # calculo del cumulante de Binder de Ms
5/32 cadenas completadas (90/576 puntos T)
10/32 cadenas completadas (180/576 puntos T)
/home/kevin/Fundamentos_Magnetismo/Tarea1/metricas.py:54: RuntimeWarning: invalid value encountered in scalar divide
  U = 1 - Ms4_termalizado_prom / (3 * Ms2_termalizado_prom**2) # calculo del cumulante de Binder de Ms
/home/kevin/Fundamentos_Magnetismo/Tarea1/metricas.py:54: RuntimeWarning: invalid value encountered in scalar divide
  U = 1 - Ms4_termalizado_prom / (3 * Ms2_termalizado_prom**2) # calculo del cumulante de Binder de Ms
/home/kevin/Fundamentos_Magnetismo/Tarea1/metricas.py:54: RuntimeWarning: invalid value encountered in scalar divide
  U = 1 - Ms4_termalizado_prom / (3 * Ms2_termalizado_prom**2) # calculo del cumulante de Binder de Ms
/home/kevin/Fundamentos_Magnetismo/Tarea1/metricas.py:54: RuntimeWarning: invalid value encountered in scalar divide
  U = 1 - Ms4_termalizado_prom / (3 * Ms2_termalizado_prom**2) # calculo del cumulante de Binder de Ms
/home/kevin/Fundamentos_Magnetismo/Tarea1/metricas.py:54: RuntimeWarning: invalid value encountered in scalar divide
  U = 1 - Ms4_termalizado_prom / (3 * Ms2_termalizado_prom**2) # calculo del cumulante de Binder de Ms
/home/kevin/Fundamentos_Magnetismo/Tarea1/metricas.py:54: RuntimeWarning: invalid value encountered in scalar divide
  U = 1 - Ms4_termalizado_prom / (3 * Ms2_termalizado_prom**2) # calculo del cumulante de Binder de Ms
/home/kevin/Fundamentos_Magnetismo/Tarea1/metricas.py:54: RuntimeWarning: invalid value encountered in scalar divide
  U = 1 - Ms4_termalizado_prom / (3 * Ms2_termalizado_prom**2) # calculo del cumulante de Binder de Ms
/home/kevin/Fundamentos_Magnetismo/Tarea1/metricas.py:54: RuntimeWarning: invalid value encountered in scalar divide
  U = 1 - Ms4_termalizado_prom / (3 * Ms2_termalizado_prom**2) # calculo del cumulante de Binder de Ms
/home/kevin/Fundamentos_Magnetismo/Tarea1/metricas.py:54: RuntimeWarning: invalid value encountered in scalar divide
  U = 1 - Ms4_termalizado_prom / (3 * Ms2_termalizado_prom**2) # calculo del cumulante de Binder de Ms
/home/kevin/Fundamentos_Magnetismo/Tarea1/metricas.py:54: RuntimeWarning: invalid value encountered in scalar divide
  U = 1 - Ms4_termalizado_prom / (3 * Ms2_termalizado_prom**2) # calculo del cumulante de Binder de Ms
/home/kevin/Fundamentos_Magnetismo/Tarea1/metricas.py:54: RuntimeWarning: invalid value encountered in scalar divide
  U = 1 - Ms4_termalizado_prom / (3 * Ms2_termalizado_prom**2) # calculo del cumulante de Binder de Ms
/home/kevin/Fundamentos_Magnetismo/Tarea1/metricas.py:54: RuntimeWarning: invalid value encountered in scalar divide
  U = 1 - Ms4_termalizado_prom / (3 * Ms2_termalizado_prom**2) # calculo del cumulante de Binder de Ms
15/32 cadenas completadas (270/576 puntos T)
20/32 cadenas completadas (360/576 puntos T)
/home/kevin/Fundamentos_Magnetismo/Tarea1/metricas.py:54: RuntimeWarning: invalid value encountered in scalar divide
  U = 1 - Ms4_termalizado_prom / (3 * Ms2_termalizado_prom**2) # calculo del cumulante de Binder de Ms
/home/kevin/Fundamentos_Magnetismo/Tarea1/metricas.py:54: RuntimeWarning: invalid value encountered in scalar divide
  U = 1 - Ms4_termalizado_prom / (3 * Ms2_termalizado_prom**2) # calculo del cumulante de Binder de Ms
/home/kevin/Fundamentos_Magnetismo/Tarea1/metricas.py:54: RuntimeWarning: invalid value encountered in scalar divide
  U = 1 - Ms4_termalizado_prom / (3 * Ms2_termalizado_prom**2) # calculo del cumulante de Binder de Ms
/home/kevin/Fundamentos_Magnetismo/Tarea1/metricas.py:54: RuntimeWarning: invalid value encountered in scalar divide
  U = 1 - Ms4_termalizado_prom / (3 * Ms2_termalizado_prom**2) # calculo del cumulante de Binder de Ms
/home/kevin/Fundamentos_Magnetismo/Tarea1/metricas.py:54: RuntimeWarning: invalid value encountered in scalar divide
  U = 1 - Ms4_termalizado_prom / (3 * Ms2_termalizado_prom**2) # calculo del cumulante de Binder de Ms
/home/kevin/Fundamentos_Magnetismo/Tarea1/metricas.py:54: RuntimeWarning: invalid value encountered in scalar divide
  U = 1 - Ms4_termalizado_prom / (3 * Ms2_termalizado_prom**2) # calculo del cumulante de Binder de Ms
/home/kevin/Fundamentos_Magnetismo/Tarea1/metricas.py:54: RuntimeWarning: invalid value encountered in scalar divide
  U = 1 - Ms4_termalizado_prom / (3 * Ms2_termalizado_prom**2) # calculo del cumulante de Binder de Ms
/home/kevin/Fundamentos_Magnetismo/Tarea1/metricas.py:54: RuntimeWarning: invalid value encountered in scalar divide
  U = 1 - Ms4_termalizado_prom / (3 * Ms2_termalizado_prom**2) # calculo del cumulante de Binder de Ms
25/32 cadenas completadas (450/576 puntos T)
30/32 cadenas completadas (540/576 puntos T)
32/32 cadenas completadas (576/576 puntos T)
DONE
Filas: 576  Columnas: 13
Tiempo total: 8.73 horas
